[debug] [2026-04-21T16:17:40.221Z] ----------------------------------------------------------------------
[debug] [2026-04-21T16:17:40.226Z] Command:       C:\Program Files\nodejs\node.exe C:\Users\Thant Htoo San\AppData\Roaming\npm\node_modules\firebase-tools\lib\bin\firebase.js init hosting
[debug] [2026-04-21T16:17:40.226Z] CLI Version:   15.15.0
[debug] [2026-04-21T16:17:40.227Z] Platform:      win32
[debug] [2026-04-21T16:17:40.227Z] Node Version:  v24.15.0
[debug] [2026-04-21T16:17:40.227Z] Time:          Tue Apr 21 2026 23:17:40 GMT+0700 (Indochina Time)
[debug] [2026-04-21T16:17:40.227Z] ----------------------------------------------------------------------
[debug] 
[info] 
     ######## #### ########  ######## ########     ###     ######  ########
     ##        ##  ##     ## ##       ##     ##  ##   ##  ##       ##
     ######    ##  ########  ######   ########  #########  ######  ######
     ##        ##  ##    ##  ##       ##     ## ##     ##       ## ##
     ##       #### ##     ## ######## ########  ##     ##  ######  ########

You're about to initialize a Firebase project in this directory:

  C:\Users\Thant Htoo San\UniFind

Before we get started, keep in mind:

  * You are initializing within an existing Firebase project directory

[info] 
=== Project Setup
[info] 
[info] First, let's associate this project directory with a Firebase project.
[info] You can create multiple project aliases by running firebase use --add, 
[info] 
[debug] [2026-04-21T16:17:59.960Z] > command requires scopes: ["email","openid","https://www.googleapis.com/auth/cloudplatformprojects.readonly","https://www.googleapis.com/auth/firebase","https://www.googleapis.com/auth/cloud-platform"]
[debug] [2026-04-21T16:17:59.960Z] > authorizing via signed-in user (6731503087@lamduan.mfu.ac.th)
[debug] [2026-04-21T16:17:59.962Z] Checked if tokens are valid: true, expires at: 1776791394865
[debug] [2026-04-21T16:17:59.962Z] Checked if tokens are valid: true, expires at: 1776791394865
[debug] [2026-04-21T16:17:59.966Z] >>> [apiv2][query] GET https://firebase.googleapis.com/v1beta1/projects/unifind-dbd6a [none]
[debug] [2026-04-21T16:18:00.513Z] <<< [apiv2][status] GET https://firebase.googleapis.com/v1beta1/projects/unifind-dbd6a 200
[debug] [2026-04-21T16:18:00.513Z] <<< [apiv2][body] GET https://firebase.googleapis.com/v1beta1/projects/unifind-dbd6a {"projectId":"unifind-dbd6a","projectNumber":"407226419369","displayName":"UniFind","name":"projects/unifind-dbd6a","resources":{"hostingSite":"unifind-dbd6a"},"state":"ACTIVE","etag":"1_06670fdd-3468-44c4-93de-27b92994d542"}
[info] i  Using project unifind-dbd6a (UniFind) . 
[info] 
=== Hosting Setup
[debug] [2026-04-21T16:18:19.272Z] Checked if tokens are valid: true, expires at: 1776791394865
[debug] [2026-04-21T16:18:19.272Z] Checked if tokens are valid: true, expires at: 1776791394865
[debug] [2026-04-21T16:18:19.272Z] >>> [apiv2][query] GET https://firebase.googleapis.com/v1beta1/projects/unifind-dbd6a [none]
[debug] [2026-04-21T16:18:19.875Z] <<< [apiv2][status] GET https://firebase.googleapis.com/v1beta1/projects/unifind-dbd6a 200
[debug] [2026-04-21T16:18:19.875Z] <<< [apiv2][body] GET https://firebase.googleapis.com/v1beta1/projects/unifind-dbd6a {"projectId":"unifind-dbd6a","projectNumber":"407226419369","displayName":"UniFind","name":"projects/unifind-dbd6a","resources":{"hostingSite":"unifind-dbd6a"},"state":"ACTIVE","etag":"1_06670fdd-3468-44c4-93de-27b92994d542"}
[info] 
[info] Your public directory is the folder (relative to your project directory) that
[info] will contain Hosting assets to be uploaded with firebase deploy. If you
[info] have a build process for your assets, use your build's output directory.
[info] 
[info] 
[info] i  Detected a .git folder at C:\Users\Thant Htoo San\UniFind 
[info] i  Authorizing with GitHub to upload your service account to a GitHub repository's secrets store. 
[info] 
[info] Visit this URL on this device to log in:
[info] https://github.com/login/oauth/authorize?client_id=89cf50f02ac6aaed3484&state=433400635&redirect_uri=http%3A%2F%2Flocalhost%3A9005&scope=read%3Auser%20repo%20public_repo
[info] 
[info] Waiting for authentication...
[debug] [2026-04-21T16:18:58.667Z] >>> [apiv2][query] POST https://github.com/login/oauth/access_token [none]
[debug] [2026-04-21T16:18:58.667Z] >>> [apiv2][body] POST https://github.com/login/oauth/access_token [stream]
[debug] [2026-04-21T16:18:59.176Z] <<< [apiv2][status] POST https://github.com/login/oauth/access_token 200
[debug] [2026-04-21T16:18:59.176Z] <<< [apiv2][body] POST https://github.com/login/oauth/access_token {"access_token":"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","token_type":"bearer","scope":"read:user,repo"}
[debug] [2026-04-21T16:18:59.181Z] >>> [apiv2][query] GET https://api.github.com/user [none]
[debug] [2026-04-21T16:18:59.709Z] <<< [apiv2][status] GET https://api.github.com/user 200
[debug] [2026-04-21T16:18:59.709Z] <<< [apiv2][body] GET https://api.github.com/user {"login":"thant-htoo-san","id":194210372,"node_id":"U_kgDOC5NqRA","avatar_url":"https://avatars.githubusercontent.com/u/194210372?v=4","gravatar_id":"","url":"https://api.github.com/users/thant-htoo-san","html_url":"https://github.com/thant-htoo-san","followers_url":"https://api.github.com/users/thant-htoo-san/followers","following_url":"https://api.github.com/users/thant-htoo-san/following{/other_user}","gists_url":"https://api.github.com/users/thant-htoo-san/gists{/gist_id}","starred_url":"https://api.github.com/users/thant-htoo-san/starred{/owner}{/repo}","subscriptions_url":"https://api.github.com/users/thant-htoo-san/subscriptions","organizations_url":"https://api.github.com/users/thant-htoo-san/orgs","repos_url":"https://api.github.com/users/thant-htoo-san/repos","events_url":"https://api.github.com/users/thant-htoo-san/events{/privacy}","received_events_url":"https://api.github.com/users/thant-htoo-san/received_events","type":"User","user_view_type":"private","site_admin":false,"name":null,"company":null,"blog":"","location":null,"email":null,"hireable":null,"bio":null,"twitter_username":null,"notification_email":null,"public_repos":9,"public_gists":0,"followers":0,"following":1,"created_at":"2025-01-08T08:06:29Z","updated_at":"2026-04-19T07:11:08Z","private_gists":0,"total_private_repos":4,"owned_private_repos":2,"disk_usage":51659,"collaborators":0,"two_factor_authentication":true,"plan":{"name":"pro","space":976562499,"collaborators":0,"private_repos":9999}}
[info] 
[info] +  Success! Logged into GitHub as thant-htoo-san 
[info] 
[debug] [2026-04-21T16:19:40.157Z] ExitPromptError: User force closed the prompt with SIGINT
    at Interface.sigint (C:\Users\Thant Htoo San\AppData\Roaming\npm\node_modules\firebase-tools\node_modules\@inquirer\core\dist\commonjs\lib\create-prompt.js:101:37)
    at Interface.emit (node:events:509:28)
    at [_ttyWrite] [as _ttyWrite] (node:internal/readline/interface:1327:18)
    at ReadStream.onkeypress (node:internal/readline/interface:284:20)
    at ReadStream.emit (node:events:521:24)
    at emitKeys (node:internal/readline/utils:371:14)
    at emitKeys.next (<anonymous>)
    at ReadStream.onData (node:internal/readline/emitKeypressEvents:64:36)
    at ReadStream.emit (node:events:509:28)
    at addChunk (node:internal/streams/readable:563:12)
[error] 
[error] Error: An unexpected error has occurred.
